<!doctype html><html lang="en"><head><meta charset="utf-8"/><meta http-equiv="Content-Type" content="text/html; charset=utf-8"/><meta name="language" content="English"/><meta http-equiv="X-UA-Compatible" content="IE=edge"/><meta name="viewport" content="minimum-scale=1,initial-scale=1,width=device-width,shrink-to-fit=no"/><title>webpack test</title></head><body><p>This is minimal code to demonstrate webpack usage</p><button id="button">Run Action</button><script>!function(e){var t={};function n(r){if(t[r])return t[r].exports;var o=t[r]={i:r,l:!1,exports:{}};return e[r].call(o.exports,o,o.exports,n),o.l=!0,o.exports}n.m=e,n.c=t,n.d=function(e,t,r){n.o(e,t)||Object.defineProperty(e,t,{enumerable:!0,get:r})},n.r=function(e){"undefined"!=typeof Symbol&&Symbol.toStringTag&&Object.defineProperty(e,Symbol.toStringTag,{value:"Module"}),Object.defineProperty(e,"__esModule",{value:!0})},n.t=function(e,t){if(1&t&&(e=n(e)),8&t)return e;if(4&t&&"object"==typeof e&&e&&e.__esModule)return e;var r=Object.create(null);if(n.r(r),Object.defineProperty(r,"default",{enumerable:!0,value:e}),2&t&&"string"!=typeof e)for(var o in e)n.d(r,o,function(t){return e[t]}.bind(null,o));return r},n.n=function(e){var t=e&&e.__esModule?function(){return e.default}:function(){return e};return n.d(t,"a",t),t},n.o=function(e,t){return Object.prototype.hasOwnProperty.call(e,t)},n.p="",n(n.s=0)}([function(e,t,n){"use strict";n.r(t);const r=new function(){return new Worker(n.p+"test.worker.js")};let o;r.onmessage=function(e){o||(o=document.createElement("div"),o.setAttribute("id","result"),document.body.append(o));const t=document.createElement("pre");t.innerHTML=JSON.stringify(e.data),o.append(t)},window.addEventListener("load",()=>{document.getElementById("button").addEventListener("click",()=>{r.postMessage({postMessage:!0})})})}]);</script></body></html>